<html>
<body>
<pre>
<h1>µVision Build Log</h1>
<h2>Tool Versions:</h2>
IDE-Version: ¦ÌVision V5.35.0.0
Copyright (C) 2021 ARM Ltd and ARM Germany GmbH. All rights reserved.
License Information: a b, a@b.c, LIC=DSNXV-PIBQE-BX6UY-IQLXE-5PI1V-FIZ17
 
Tool Versions:
Toolchain:       MDK-ARM Professional  Version: 5.35.0.2
Toolchain Path:  d:\Keil_v5\ARM\ARMCC\Bin
C Compiler:      Armcc.exe V5.06 update 7 (build 960)
Assembler:       Armasm.exe V5.06 update 7 (build 960)
Linker/Locator:  ArmLink.exe V5.06 update 7 (build 960)
Library Manager: ArmAr.exe V5.06 update 7 (build 960)
Hex Converter:   FromElf.exe V5.06 update 7 (build 960)
CPU DLL:         SARMCM3.DLL V5.35.0.2
Dialog DLL:      DARMCM1.DLL V1.19.4.0
Target DLL:      STLink\ST-LINKIII-KEIL_SWO.dll V3.0.9.0
Dialog DLL:      TARMCM1.DLL V1.14.4.0
 
<h2>Project:</h2>
D:\STM32CubeMX\projects\test1\MDK-ARM\test1.uvprojx
Project File Date:  11/10/2021

<h2>Output:</h2>
*** Using Compiler 'V5.06 update 7 (build 960)', folder: 'd:\Keil_v5\ARM\ARMCC\Bin'
Rebuild target 'test1'
assembling startup_stm32g030xx.s...
compiling gpio.c...
compiling main.c...
compiling tim.c...
compiling stm32g0xx_hal_msp.c...
compiling stm32g0xx_it.c...
compiling stm32g0xx_hal_tim.c...
compiling stm32g0xx_hal_rcc.c...
compiling stm32g0xx_hal_tim_ex.c...
compiling stm32g0xx_ll_rcc.c...
compiling stm32g0xx_hal_rcc_ex.c...
compiling stm32g0xx_hal_flash.c...
compiling stm32g0xx_hal_flash_ex.c...
compiling stm32g0xx_hal_gpio.c...
compiling stm32g0xx_ll_dma.c...
compiling stm32g0xx_hal_dma_ex.c...
compiling stm32g0xx_hal_dma.c...
compiling stm32g0xx_hal_pwr.c...
compiling stm32g0xx_hal_cortex.c...
compiling stm32g0xx_hal_pwr_ex.c...
compiling stm32g0xx_hal.c...
compiling system_stm32g0xx.c...
compiling stm32g0xx_hal_exti.c...
linking...
Program Size: Code=5624 RO-data=288 RW-data=28 ZI-data=1788  
FromELF: creating hex file...
"test1\test1.axf" - 0 Error(s), 0 Warning(s).

<h2>Software Packages used:</h2>

Package Vendor: ARM
                http://www.keil.com/pack/ARM.CMSIS.5.8.0.pack
                ARM.CMSIS.5.8.0
                CMSIS (Common Microcontroller Software Interface Standard)
   * Component: CORE Version: 5.5.0

Package Vendor: Keil
                http://www.keil.com/pack/Keil.STM32G0xx_DFP.1.3.0.pack
                Keil.STM32G0xx_DFP.1.3.0
                STMicroelectronics STM32G0 Series Device Support

<h2>Collection of Component include folders:</h2>
  .\RTE\_test1
  C:\Users\shawn\AppData\Local\Arm\Packs\ARM\CMSIS\5.8.0\CMSIS\Core\Include
  C:\Users\shawn\AppData\Local\Arm\Packs\Keil\STM32G0xx_DFP\1.3.0\Drivers\CMSIS\Device\ST\STM32G0xx\Include

<h2>Collection of Component Files used:</h2>

   * Component: ARM::CMSIS:CORE:5.5.0
      Include file:  CMSIS\Core\Include\tz_context.h
Build Time Elapsed:  00:00:12
</pre>
</body>
</html>
